.next/types/validator.ts(71,39): error TS2307: Cannot find module '../../src/app/api/webhooks/lemon-squeezy/route.js' or its corresponding type declarations.
src/components/ScannerDashboard.tsx(230,92): error TS2339: Property 'tokenAddress' does not exist on type 'ScanResult'.
src/components/ScannerDashboard.tsx(230,129): error TS2339: Property 'tokenAddress' does not exist on type 'ScanResult'.
